--- 
source: tui/src/status_indicator_widget.rs
assertion_line: 289
expression: terminal.backend()
---
"• Working (0s • esc to interrupt)                                               "
"                                                                                "
" ↳ first                                                                        "
" ↳ second                                                                       "
"   ⌥ + ↑ edit                                                                   "
"                                                                                "
"                                                                                "
"                                                                                "
