---
source: tui/src/diff_render.rs
expression: terminal.backend()
---
"1 +fn very_long_function_name(arg_one: String, arg_two: String, arg_three: Strin          "
"   g, arg_four: String) -> Result<String, Box<dyn std::error::Error>> { Ok(arg_o          "
"   ne) }                                                                                  "
"                                                                                          "
"                                                                                          "
"                                                                                          "
"                                                                                          "
"                                                                                          "
"                                                                                          "
"                                                                                          "
