---
source: tui/src/cwd_prompt.rs
expression: terminal.backend()
---

Choose working directory to fork this session

  Session = latest cwd recorded in the forked session                           
  Current = your current working directory

› 1. Use session directory (/Users/example/session)                             
  2. Use current directory (/Users/example/current)

  Press enter to continue
