---
source: tui/src/external_agent_config_migration.rs
assertion_line: 824
expression: rendered
---

  > External agent config detected
  We found settings from another agent that you can add to this project.
  Select what to import
  Home
    [x] Migrate /Users/alex/.claude/settings.json into /Users/alex/.codex/con…

  Project: /workspace/project
    [x] Migrate enabled plugins from /workspace/project/.claude/settings.json…
        • acme-tools: deployer, formatter, +1 more
        • team-marketplace: asana
        • debug: sample
        • +1 more marketplaces
    [x] Migrate /workspace/project/CLAUDE.md to /workspace/project/AGENTS.md

  Selected 3 of 3 item(s).
    1. Proceed with selected                                                  
    2. Skip for now                                                           
    3. Don't ask again                                                        
  Use ↑/↓ to move, space to toggle, 1/2/3 to choose, a/n for all/none
