---
source: tui/src/chatwidget/tests.rs
expression: popup
---
  Select Microphone
  Saved devices apply to realtime voice only.

  1. System default                                Use your operating system
                                                   default device.
›    Unavailable: Studio Mic (current) (disabled)  Configured device is not
                                                   currently available.
                                                   (disabled: Reconnect the
                                                   device or choose another
                                                   one.)
  3. Built-in Mic
  4. USB Mic

  Press enter to confirm or esc to go back
