---
source: tui/src/chatwidget/tests.rs
expression: popup
---
  Experimental features
  Toggle experimental features. Changes are saved to config.toml.

› [ ] Ghost snapshots  Capture undo snapshots each turn.
  [x] Shell tool       Allow the model to run shell commands.

  Press space to select or enter to save for next conversation
