---
source: tui/src/chatwidget/tests/status_and_layout.rs
expression: normalized_backend_snapshot(terminal.backend())
---
"                                                                                "
"• Analyzing (0s • esc to interrupt)                                             "
"                                                                                "
"                                                                                "
"› Ask Codex to do anything                                                      "
"                                                                                "
"  gpt-5.3-codex default · /tmp/project                                          "
