---
source: tui/src/chatwidget/tests/review_mode.rs
expression: normalize_snapshot_paths(term.backend().vt100().screen().contents())
---
• Working (0s • esc to interrupt)

• Messages to be submitted at end of turn
  ↳ Steer submitted while /review was running.

› Ask Codex to do anything

  gpt-5.3-codex default · /tmp/project
