---
source: tui/src/chatwidget/tests/guardian.rs
expression: normalize_snapshot_paths(rendered)
---
• Reviewing 2 approval requests (0s • esc to interrupt)
  └ • rm -rf '/tmp/guardian target 1'
    • rm -rf '/tmp/guardian target 2'


› Ask Codex to do anything

  gpt-5.3-codex default · /tmp/project
