---
source: tui/src/chatwidget/tests/exec_flow.rs
expression: normalized_backend_snapshot(terminal.backend())
---
"                                                                                "
"• Working (0s • esc to interrupt) · 1 background terminal running · /ps to view…"
"                                                                                "
"                                                                                "
"› Ask Codex to do anything                                                      "
"                                                                                "
"  gpt-5.3-codex default · /tmp/project                                          "
