---
source: tui/src/chatwidget/tests/popups_and_settings.rs
expression: popup
---
  Memories
  Choose how Codex uses and creates memories. Changes are saved to config.toml

› [x] Use memories       Use memories in the following threads. Applied at
                         next thread.
  [ ] Generate memories  Generate memories from the following threads. Current
                         thread included.
  Reset all memories     Clear local memory files and summaries. Existing
                         threads stay intact.

  Learn more: https://developers.openai.com/codex/memories

  Press space to toggle; enter to save or select
