---
source: tui/src/chatwidget/tests/mcp_startup.rs
expression: normalized_backend_snapshot(terminal.backend())
---
"                                                                                "
"• Booting MCP server: alpha (0s • esc to interrupt)                             "
"                                                                                "
"                                                                                "
"› Ask Codex to do anything                                                      "
"                                                                                "
"  gpt-5.3-codex default · /tmp/project                                          "
