---
source: tui/src/bottom_pane/chat_composer.rs
expression: terminal.backend()
---
"                                                                                                    "
"  [Image #1]                                                                                        "
"  [Image #2]                                                                                        "
"                                                                                                    "
"› describe these                                                                                    "
"                                                                                                    "
"                                                                                                    "
"                                                                                                    "
"                                                                                 100% context left  "
