---
source: tui/src/bottom_pane/approval_overlay.rs
expression: "format!(\"{buf:?}\")"
---
Buffer {
    area: Rect { x: 0, y: 0, width: 100, height: 12 },
    content: [
        "                                                                                                    ",
        "  Do you want to approve network access to "example.com"?                                           ",
        "                                                                                                    ",
        "  Reason: network request blocked                                                                   ",
        "                                                                                                    ",
        "                                                                                                    ",
        "› 1. Yes, just this once (y)                                                                        ",
        "  2. Yes, and allow this host for this conversation (a)                                             ",
        "  3. Yes, and allow this host in the future (p)                                                     ",
        "  4. No, and tell Codex what to do differently (esc)                                                ",
        "                                                                                                    ",
        "  Press enter to confirm or esc to cancel                                                           ",
    ],
    styles: [
        x: 0, y: 0, fg: Reset, bg: Reset, underline: Reset, modifier: NONE,
        x: 2, y: 1, fg: Reset, bg: Reset, underline: Reset, modifier: BOLD,
        x: 57, y: 1, fg: Reset, bg: Reset, underline: Reset, modifier: NONE,
        x: 10, y: 3, fg: Reset, bg: Reset, underline: Reset, modifier: ITALIC,
        x: 33, y: 3, fg: Reset, bg: Reset, underline: Reset, modifier: NONE,
        x: 0, y: 6, fg: Cyan, bg: Reset, underline: Reset, modifier: BOLD,
        x: 28, y: 6, fg: Reset, bg: Reset, underline: Reset, modifier: NONE,
        x: 53, y: 7, fg: Reset, bg: Reset, underline: Reset, modifier: DIM,
        x: 54, y: 7, fg: Reset, bg: Reset, underline: Reset, modifier: NONE,
        x: 45, y: 8, fg: Reset, bg: Reset, underline: Reset, modifier: DIM,
        x: 46, y: 8, fg: Reset, bg: Reset, underline: Reset, modifier: NONE,
        x: 48, y: 9, fg: Reset, bg: Reset, underline: Reset, modifier: DIM,
        x: 51, y: 9, fg: Reset, bg: Reset, underline: Reset, modifier: NONE,
        x: 2, y: 11, fg: Reset, bg: Reset, underline: Reset, modifier: DIM,
    ]
}
