---
source: tui/src/bottom_pane/chat_composer.rs
expression: terminal.backend()
---
"                              "
"› Test                        "
"                              "
"                              "
"                              "
"                              "
"                              "
"                              "
"  tab to queue · Plan mode    "
