---
source: tui/src/bottom_pane/list_selection_view.rs
expression: "render_lines_with_width(&view, 80)"
---
                                                                                
  Select Model and Effort                                                       
                                                                                
› 1. gpt-5.1-codex (current)  Optimized for Codex. Balance of reasoning         
                              quality and coding ability.                       
  2. gpt-5.1-codex-mini       Optimized for Codex. Cheaper, faster, but less    
                              capable.                                          
  3. gpt-4.1-codex            Legacy model. Use when you need compatibility     
                              with older automations.
