---
source: tui/src/bottom_pane/chat_composer.rs
expression: terminal.backend()
---
"                                                                                                                        "
"› Ask Codex to do anything                                                                                              "
"                                                                                                                        "
"                                                                                                                        "
"                                                                                                                        "
"                                                                                                                        "
"                                                                                                                        "
"                                                                                                                        "
"  ? for shortcuts · Plan mode (shift+tab to cycle)                                                   100% context left  "
