---
source: tui/src/bottom_pane/list_selection_view.rs
expression: "render_lines_with_width(&view, 40)"
---
                                        
  Select Approval Mode                  
                                        
› 1. Read Only (current)  Codex can     
                          read files    
                                        
  Note: Use /setup-default-sandbox to   
  allow network access.                 
  Press enter to confirm or esc to go ba
