---
source: core/tests/suite/compact.rs
expression: "format_labeled_requests_snapshot(\"Manual /compact with no prior user turn currently still issues a compaction request; follow-up turn carries canonical context and the new user message.\",\n&[(\"Local Compaction Request\", &requests[0]),\n(\"Local Post-Compaction History Layout\", &requests[1]),])"
---
Scenario: Manual /compact with no prior user turn currently still issues a compaction request; follow-up turn carries canonical context and the new user message.

## Local Compaction Request
00:message/user:<SUMMARIZATION_PROMPT>

## Local Post-Compaction History Layout
00:message/user:<COMPACTION_SUMMARY>\nMANUAL_EMPTY_SUMMARY
01:message/developer:<PERMISSIONS_INSTRUCTIONS>
02:message/user:<ENVIRONMENT_CONTEXT:cwd=<CWD>>
03:message/user:AFTER_MANUAL_EMPTY_COMPACT
