---
source: core/tests/suite/compact_remote.rs
expression: "format_labeled_requests_snapshot(\"Remote mid-turn continuation compaction after tool output: compact request includes tool artifacts and the follow-up request includes the returned compaction item.\",\n&[(\"Remote Compaction Request\", &compact_request),\n(\"Remote Post-Compaction History Layout\", &requests[1]),])"
---
Scenario: Remote mid-turn continuation compaction after tool output: compact request includes tool artifacts and the follow-up request includes the returned compaction item.

## Remote Compaction Request
00:message/developer:<PERMISSIONS_INSTRUCTIONS>
01:message/user:<ENVIRONMENT_CONTEXT:cwd=<CWD>>
02:message/user:USER_ONE
03:function_call/test_tool
04:function_call_output:unsupported call: test_tool

## Remote Post-Compaction History Layout
00:message/developer:<PERMISSIONS_INSTRUCTIONS>
01:message/user:<ENVIRONMENT_CONTEXT:cwd=<CWD>>
02:message/user:USER_ONE
03:compaction:encrypted=true
